Set paper size 	297.6377985	419.5275636
Begin page
Mx 	14.8819
My 	28.5447
Set font 	Gentium Plus;10;400;;normal;;;LTR
T	39 82 72 w=15.5762	(Doe)
Mx 	30.4581
T	17 w=2.2900	(.)
Mx 	35.3931
T	180 w=4.3604	(“)
Mx 	39.7534
T	48 92 w=12.9932	(My)
Mx 	55.3915
T	36 90 72 86 82 80 72 w=39.1748	(Awesome)
Mx 	97.2113
T	36 85 87 76 70 79 72 w=27.7637	(Article)
Mx 	124.9749
T	17 w=2.2900	(.)
Mx 	127.2650
T	181 w=4.3604	(”)
Mx 	134.2703
Set font 	Gentium Plus;10;400;Italic;normal;;;LTR
T	55 75 72 w=14.0820	(The)
Mx 	150.7568
T	45 82 88 85 81 68 79 w=27.3730	(Journal)
Mx 	180.5344
T	82 73 w=6.9482	(of)
Mx 	189.8871
T	55 92 83 82 74 85 68 83 75 92 w=45.3369	(Typography)
Mx 	235.2240
Set font 	Gentium Plus;10;400;;normal;;;LTR
T	15 w=2.2900	(,)
Mx 	240.1590
T	21 19 21 21 w=18.7695	(2022)
Mx 	258.9285
T	17 w=2.2900	(.)
Mx 	14.8819
My 	44.8193
T	39 82 72 w=15.5762	(Doe)
Mx 	30.4581
T	17 w=2.2900	(.)
Mx 	36.7034
T	180 w=4.3604	(“)
Mx 	41.0638
T	48 92 w=12.9932	(My)
Mx 	58.0123
T	38 82 80 83 79 72 87 72 w=39.1113	(Complete)
Mx 	101.0789
T	36 85 87 76 70 79 72 w=27.7637	(Article)
Mx 	128.8426
T	17 w=2.2900	(.)
Mx 	131.1327
T	181 w=4.3604	(”)
Mx 	139.4483
Set font 	Gentium Plus;10;400;Italic;normal;;;LTR
T	55 75 72 w=14.0820	(The)
Mx 	157.1261
T	45 82 88 85 81 68 79 w=27.3730	(Journal)
Mx 	188.0949
T	82 73 w=6.9482	(of)
Mx 	198.6389
T	55 92 83 82 74 85 68 83 75 92 w=45.3369	(Typography)
Mx 	247.9312
Set font 	Gentium Plus;10;400;;normal;;;LTR
T	24 19 w=9.3848	(50)
Mx 	261.2713
T	81 82 w=10.5469	(no)
Mx 	271.8182
T	17 w=2.2900	(.)
Mx 	278.0635
T	26 w=4.6924	(7)
Mx 	14.8819
My 	57.0938
T	11 w=3.1689	(()
Mx 	18.0508
T	21 19 21 21 w=18.7695	(2022)
Mx 	36.8204
T	12 w=3.1689	())
Mx 	39.9893
T	29 w=2.2900	(:)
Mx 	44.9442
T	21 23 22 w=14.0771	(243)
Mx 	59.0214
T	178 w=4.6924	(–)
Mx 	63.7138
T	21 23 27 w=14.0771	(248)
Mx 	77.7909
T	17 w=2.2900	(.)
Mx 	14.8819
My 	73.3683
T	39 82 72 w=15.5762	(Doe)
Mx 	30.4581
T	17 w=2.2900	(.)
Mx 	37.1875
T	180 w=4.3604	(“)
Mx 	41.5479
T	48 92 w=12.9932	(My)
Mx 	58.9805
T	36 90 72 86 82 80 72 w=39.1748	(Awesome)
Mx 	102.5947
T	36 85 87 76 70 79 72 w=27.7637	(Article)
Mx 	130.3584
T	17 w=2.2900	(.)
Mx 	132.6484
T	181 w=4.3604	(”)
Mx 	141.4482
Set font 	Gentium Plus;10;400;Italic;normal;;;LTR
T	55 75 72 w=14.0820	(The)
Mx 	159.5661
T	45 82 88 85 81 68 79 w=27.3730	(Journal)
Mx 	190.9750
T	82 73 w=6.9482	(of)
Mx 	201.9591
T	55 92 83 82 74 85 68 83 75 92 w=45.3369	(Typography)
Mx 	247.2960
Set font 	Gentium Plus;10;400;;normal;;;LTR
T	15 w=2.2900	(,)
Mx 	254.0254
T	36 88 74 88 86 87 w=28.7305	(August)
Mx 	14.8819
My 	85.6428
T	21 19 21 21 w=18.7695	(2022)
Mx 	33.6514
T	17 w=2.2900	(.)
Mx 	38.5932
T	75 87 87 83 86 w=21.5625	(https)
Mx 	60.1557
T	29 w=2.2900	(:)
Mx 	62.4457
T	18 w=4.6924	(/)
Mx 	67.1381
T	18 w=4.6924	(/)
Mx 	71.8305
T	87 72 70 75 81 82 69 68 69 69 79 72 85 86 17 70 82 80 w=83.1934	(technobabblers.com)
Mx 	155.0239
T	18 w=4.6924	(/)
Mx 	159.7162
T	21 19 21 19 w=18.7695	(2020)
Mx 	178.4858
T	18 w=4.6924	(/)
Mx 	183.1782
T	20 21 22 w=14.0771	(123)
Mx 	197.2553
T	17 w=2.2900	(.)
Mx 	14.8819
My 	101.9174
T	39 82 72 w=15.5762	(Doe)
Mx 	30.4581
T	15 w=2.2900	(,)
Mx 	35.0106
T	45 w=3.0518	(J)
Mx 	38.0624
T	17 w=2.2900	(.)
Mx 	42.6149
T	68 81 71 w=15.3076	(and)
Mx 	60.1850
T	54 80 76 87 75 w=24.4629	(Smith)
Mx 	84.6479
T	15 w=2.2900	(,)
Mx 	89.2005
T	45 w=3.0518	(J)
Mx 	92.2522
T	17 w=2.2900	(.)
Mx 	94.5423
T	15 w=2.2900	(,)
Mx 	99.0948
Set font 	Gentium Plus;10;400;Italic;normal;;;LTR
T	36 w=5.6006	(A)
Mx 	106.7522
T	48 76 81 76 80 68 79 w=31.3037	(Minimal)
Mx 	140.1127
T	37 82 82 78 w=17.7783	(Book)
Mx 	159.9479
T	40 81 87 85 92 w=20.7031	(Entry)
Mx 	180.6510
Set font 	Gentium Plus;10;400;;normal;;;LTR
T	17 w=2.2900	(.)
Mx 	185.2036
T	54 44 47 40 w=17.4609	(SILE)
Mx 	204.9270
T	82 85 74 68 81 76 93 68 87 76 82 81 w=52.2168	(organization)
Mx 	257.1438
T	15 w=2.2900	(,)
Mx 	261.6963
T	21 19 21 19 w=18.7695	(2020)
Mx 	280.4659
T	17 w=2.2900	(.)
Mx 	14.8819
My 	118.1919
Set font 	Gentium Plus;10;400;Italic;normal;;;LTR
T	36 81 82 87 75 72 85 w=30.2539	(Another)
Mx 	48.3948
T	48 76 81 76 80 68 79 w=31.3037	(Minimal)
Mx 	82.9575
T	37 82 82 78 w=17.7783	(Book)
Mx 	103.9948
T	40 81 87 85 92 w=20.7031	(Entry)
Mx 	124.6979
Set font 	Gentium Plus;10;400;;normal;;;LTR
T	17 w=2.2900	(.)
Mx 	130.5728
T	40 71 76 87 72 71 w=26.1328	(Edited)
Mx 	160.2905
T	69 92 w=10.0098	(by)
Mx 	173.8851
T	45 82 75 81 w=19.1162	(John)
Mx 	196.5862
T	39 82 72 w=15.5762	(Doe)
Mx 	215.7473
T	68 81 71 w=15.3076	(and)
Mx 	234.6398
T	45 68 81 72 w=17.7783	(Jane)
Mx 	256.0030
T	54 80 76 87 75 w=24.4629	(Smith)
Mx 	280.4659
T	17 w=2.2900	(.)
Mx 	14.8819
My 	130.4664
T	47 82 81 71 82 81 w=31.0547	(London)
Mx 	45.9366
T	29 w=2.2900	(:)
Mx 	50.8839
T	54 44 47 40 w=17.4609	(SILE)
Mx 	71.0021
T	82 85 74 68 81 76 93 68 87 76 82 81 w=52.2168	(organization)
Mx 	123.2189
T	15 w=2.2900	(,)
Mx 	128.1662
T	21 19 21 21 w=18.7695	(2022)
Mx 	146.9358
T	17 w=2.2900	(.)
Mx 	14.8819
My 	146.7410
T	39 82 72 w=15.5762	(Doe)
Mx 	30.4581
T	15 w=2.2900	(,)
Mx 	35.7741
T	45 w=3.0518	(J)
Mx 	38.8259
T	17 w=2.2900	(.)
Mx 	44.1419
T	68 81 71 w=15.3076	(and)
Mx 	62.4756
T	54 80 76 87 75 w=24.4629	(Smith)
Mx 	86.9384
T	15 w=2.2900	(,)
Mx 	92.2545
T	45 w=3.0518	(J)
Mx 	95.3063
T	17 w=2.2900	(.)
Mx 	97.5963
T	15 w=2.2900	(,)
Mx 	102.9124
Set font 	Gentium Plus;10;400;Italic;normal;;;LTR
T	36 w=5.6006	(A)
Mx 	111.2639
T	38 82 80 83 79 72 87 72 w=34.2822	(Complete)
Mx 	148.2970
T	37 82 82 78 w=17.7783	(Book)
Mx 	166.0753
Set font 	Gentium Plus;10;400;;normal;;;LTR
T	17 w=2.2900	(.)
Mx 	171.3914
T	47 82 81 71 82 81 w=31.0547	(London)
Mx 	202.4461
T	29 w=2.2900	(:)
Mx 	207.7621
T	54 44 47 40 w=17.4609	(SILE)
Mx 	228.2491
T	82 85 74 68 81 76 93 68 87 76 82 81 w=52.2168	(organization)
Mx 	280.4659
T	15 w=2.2900	(,)
Mx 	14.8819
My 	159.0155
T	21 19 21 21 w=18.7695	(2022)
Mx 	33.6514
T	17 w=2.2900	(.)
Mx 	14.8819
My 	175.2900
Set font 	Gentium Plus;10;400;Italic;normal;;;LTR
T	36 w=5.6006	(A)
Mx 	22.9045
T	48 76 81 76 80 68 79 w=31.3037	(Minimal)
Mx 	56.6303
T	37 82 82 78 79 72 87 w=27.1289	(Booklet)
Mx 	83.7592
Set font 	Gentium Plus;10;400;;normal;;;LTR
T	17 w=2.2900	(.)
Mx 	14.8819
My 	191.5645
T	39 82 72 w=15.5762	(Doe)
Mx 	30.4581
T	15 w=2.2900	(,)
Mx 	35.9840
T	45 w=3.0518	(J)
Mx 	39.0357
T	17 w=2.2900	(.)
Mx 	44.5617
T	68 81 71 w=15.3076	(and)
Mx 	63.1052
T	54 80 76 87 75 w=24.4629	(Smith)
Mx 	87.5681
T	15 w=2.2900	(,)
Mx 	93.0940
T	45 w=3.0518	(J)
Mx 	96.1457
T	17 w=2.2900	(.)
Mx 	98.4358
T	15 w=2.2900	(,)
Mx 	103.9617
Set font 	Gentium Plus;10;400;Italic;normal;;;LTR
T	36 w=5.6006	(A)
Mx 	112.5040
T	41 88 79 79 w=14.0381	(Full)
Mx 	129.4838
T	37 82 82 78 79 72 87 w=27.1289	(Booklet)
Mx 	156.6127
Set font 	Gentium Plus;10;400;;normal;;;LTR
T	17 w=2.2900	(.)
Mx 	162.1386
T	47 82 81 71 82 81 w=31.0547	(London)
Mx 	193.1933
T	29 w=2.2900	(:)
Mx 	198.7192
T	51 85 76 89 68 87 72 w=29.4824	(Private)
Mx 	231.4375
T	70 82 80 w=17.4316	(com)
Mx 	248.8692
T	80 88 w=13.3301	(mu)
Mx 	262.1993
T	81 76 w=8.2275	(ni)
Mx 	270.4268
T	70 68 w=8.9600	(ca)
Mx 	279.3868
T	16 w=3.3691	(-)
Mx 	14.8819
My 	203.8391
T	87 76 82 81 w=16.6992	(tion)
Mx 	31.5811
T	15 w=2.2900	(,)
Mx 	36.5385
T	21 19 21 21 w=18.7695	(2022)
Mx 	55.3080
T	17 w=2.2900	(.)
Mx 	14.8819
My 	220.1136
T	39 82 72 w=15.5762	(Doe)
Mx 	30.4581
T	15 w=2.2900	(,)
Mx 	35.3935
T	45 w=3.0518	(J)
Mx 	38.4453
T	17 w=2.2900	(.)
Mx 	43.3807
T	68 81 71 w=15.3076	(and)
Mx 	61.3338
T	54 80 76 87 75 w=24.4629	(Smith)
Mx 	85.7967
T	15 w=2.2900	(,)
Mx 	90.7321
T	45 w=3.0518	(J)
Mx 	93.7839
T	17 w=2.2900	(.)
Mx 	96.0739
T	15 w=2.2900	(,)
Mx 	101.0094
Set font 	Gentium Plus;10;400;Italic;normal;;;LTR
T	55 75 72 w=14.0820	(The)
Mx 	117.4963
T	44 81 69 82 82 78 72 85 86 w=36.1865	(Inbookers)
Mx 	153.6829
Set font 	Gentium Plus;10;400;;normal;;;LTR
T	17 w=2.2900	(.)
Mx 	158.6183
T	54 44 47 40 w=17.4609	(SILE)
Mx 	178.7247
T	82 85 74 68 81 76 93 68 87 76 82 81 w=52.2168	(organization)
Mx 	230.9415
T	15 w=2.2900	(,)
Mx 	235.8769
T	21 19 21 19 w=18.7695	(2020)
Mx 	254.6465
T	17 w=2.2900	(.)
Mx 	14.8819
My 	236.3881
Set font 	Gentium Plus;10;400;Italic;normal;;;LTR
T	55 75 72 w=14.0820	(The)
Mx 	32.2063
T	49 72 90 w=16.2793	(New)
Mx 	51.7280
T	44 81 69 82 82 78 72 85 86 w=36.1865	(Inbookers)
Mx 	87.9145
Set font 	Gentium Plus;10;400;;normal;;;LTR
T	17 w=2.2900	(.)
Mx 	93.7711
T	40 71 76 87 72 71 w=26.1328	(Edited)
Mx 	123.4705
T	69 92 w=10.0098	(by)
Mx 	137.0469
T	45 82 75 81 w=19.1162	(John)
Mx 	159.7297
T	39 82 72 w=15.5762	(Doe)
Mx 	178.8725
T	68 81 71 w=15.3076	(and)
Mx 	197.7467
T	45 68 81 72 w=17.7783	(Jane)
Mx 	219.0916
T	54 80 76 87 75 w=24.4629	(Smith)
Mx 	243.5545
T	17 w=2.2900	(.)
Mx 	249.4112
T	47 82 81 71 82 81 w=31.0547	(London)
Mx 	280.4659
T	29 w=2.2900	(:)
Mx 	14.8819
My 	248.6627
T	54 44 47 40 w=17.4609	(SILE)
Mx 	35.0030
T	82 85 74 68 81 76 93 68 87 76 82 81 w=52.2168	(organization)
Mx 	87.2198
T	15 w=2.2900	(,)
Mx 	92.1700
T	21 19 21 19 w=18.7695	(2020)
Mx 	110.9396
T	17 w=2.2900	(.)
Mx 	115.8898
T	22 w=4.6924	(3)
Mx 	120.5822
T	17 w=2.2900	(.)
Mx 	14.8819
My 	264.9372
T	39 82 72 w=15.5762	(Doe)
Mx 	30.4581
T	15 w=2.2900	(,)
Mx 	34.9570
T	45 w=3.0518	(J)
Mx 	38.0087
T	17 w=2.2900	(.)
Mx 	42.5076
T	68 81 71 w=15.3076	(and)
Mx 	60.0241
T	54 80 76 87 75 w=24.4629	(Smith)
Mx 	84.4870
T	15 w=2.2900	(,)
Mx 	88.9858
T	45 w=3.0518	(J)
Mx 	92.0376
T	17 w=2.2900	(.)
Mx 	94.3276
T	15 w=2.2900	(,)
Mx 	98.8265
T	180 w=4.3604	(“)
Mx 	103.1869
T	50 88 85 w=15.2588	(Our)
Mx 	120.6545
T	44 81 w=8.4961	(In)
Mx 	129.1506
T	16 w=3.3691	(-)
Mx 	132.5198
T	38 82 79 79 72 70 87 76 82 81 w=41.4990	(Collection)
Mx 	176.2276
T	38 82 81 87 85 76 69 88 87 76 82 81 w=53.0957	(Contribution)
Mx 	229.3233
T	17 w=2.2900	(.)
Mx 	231.6134
T	181 w=4.3604	(”)
Mx 	238.1826
T	44 81 w=8.4961	(In)
Mx 	248.8875
Set font 	Gentium Plus;10;400;Italic;normal;;;LTR
T	55 75 72 w=14.0820	(The)
Mx 	264.9776
T	37 82 82 78 w=17.7783	(Book)
Mx 	14.8819
My 	277.2117
T	82 73 w=6.9482	(of)
Mx 	24.2481
T	40 89 72 85 92 87 76 81 74 w=36.0010	(Everyting)
Mx 	60.2491
Set font 	Gentium Plus;10;400;;normal;;;LTR
T	17 w=2.2900	(.)
Mx 	65.1988
T	54 83 85 76 81 74 72 85 w=35.7031	(Springer)
Mx 	100.9020
T	15 w=2.2900	(,)
Mx 	105.8517
T	21 19 21 21 w=18.7695	(2022)
Mx 	124.6213
T	17 w=2.2900	(.)
Mx 	14.8819
My 	293.4862
T	39 82 72 w=15.5762	(Doe)
Mx 	30.4581
T	15 w=2.2900	(,)
Mx 	34.9570
T	45 w=3.0518	(J)
Mx 	38.0087
T	17 w=2.2900	(.)
Mx 	42.5076
T	68 81 71 w=15.3076	(and)
Mx 	60.0241
T	54 80 76 87 75 w=24.4629	(Smith)
Mx 	84.4870
T	15 w=2.2900	(,)
Mx 	88.9858
T	45 w=3.0518	(J)
Mx 	92.0376
T	17 w=2.2900	(.)
Mx 	94.3276
T	15 w=2.2900	(,)
Mx 	98.8265
T	180 w=4.3604	(“)
Mx 	103.1869
T	50 88 85 w=15.2588	(Our)
Mx 	120.6545
T	44 81 w=8.4961	(In)
Mx 	129.1506
T	16 w=3.3691	(-)
Mx 	132.5198
T	38 82 79 79 72 70 87 76 82 81 w=41.4990	(Collection)
Mx 	176.2276
T	38 82 81 87 85 76 69 88 87 76 82 81 w=53.0957	(Contribution)
Mx 	229.3233
T	17 w=2.2900	(.)
Mx 	231.6134
T	181 w=4.3604	(”)
Mx 	238.1826
T	44 81 w=8.4961	(In)
Mx 	248.8875
Set font 	Gentium Plus;10;400;Italic;normal;;;LTR
T	55 75 72 w=14.0820	(The)
Mx 	264.9776
T	37 82 82 78 w=17.7783	(Book)
Mx 	14.8819
My 	305.7608
T	82 73 w=6.9482	(of)
Mx 	25.4230
T	40 89 72 85 92 87 76 81 74 w=36.0010	(Everyting)
Mx 	61.4240
Set font 	Gentium Plus;10;400;;normal;;;LTR
T	17 w=2.2900	(.)
Mx 	67.6661
T	40 71 76 87 72 71 w=26.1328	(Edited)
Mx 	97.7511
T	69 92 w=10.0098	(by)
Mx 	111.7130
T	39 82 81 68 79 71 w=28.9746	(Donald)
Mx 	144.6397
T	58 76 79 79 86 w=20.4932	(Wills)
Mx 	165.1329
T	17 w=2.2900	(.)
Mx 	171.3751
T	47 72 76 83 93 76 74 w=29.2188	(Leipzig)
Mx 	200.5938
T	29 w=2.2900	(:)
Mx 	206.8360
T	54 44 47 40 w=17.4609	(SILE)
Mx 	228.2491
T	82 85 74 68 81 76 93 68 87 76 82 81 w=52.2168	(organization)
Mx 	280.4659
T	15 w=2.2900	(,)
Mx 	14.8819
My 	318.0353
T	21 19 21 21 w=18.7695	(2022)
Mx 	33.6514
T	17 w=2.2900	(.)
Mx 	14.8819
My 	334.3098
T	45 88 81 74 79 72 w=26.0742	(Jungle)
Mx 	40.9561
T	15 w=2.2900	(,)
Mx 	45.7176
T	180 w=4.3604	(“)
Mx 	50.0779
T	39 72 72 83 w=20.4639	(Deep)
Mx 	73.0133
T	76 81 w=8.2275	(in)
Mx 	83.7122
T	87 75 72 w=13.5791	(the)
Mx 	99.7628
T	41 82 85 72 86 87 w=25.6934	(Forest)
Mx 	125.4561
T	17 w=2.2900	(.)
Mx 	127.7462
T	181 w=4.3604	(”)
Mx 	134.5780
T	44 81 w=8.4961	(In)
Mx 	145.5455
Set font 	Gentium Plus;10;400;Italic;normal;;;LTR
T	51 85 82 70 72 72 71 76 81 74 86 w=44.2773	(Proceedings)
Mx 	192.0696
T	82 73 w=6.9482	(of)
Mx 	201.2646
T	87 75 72 w=11.9434	(the)
Mx 	215.4548
T	25 87 75 w=12.0313	(6th)
Mx 	229.7328
T	41 82 85 72 86 87 w=22.5928	(Forest)
Mx 	254.5723
T	54 92 80 w=16.1230	(Sym)
Mx 	270.6954
T	83 82 w=8.9307	(po)
Mx 	279.6260
T	16 w=3.1299	(-)
Mx 	14.8819
My 	346.5843
T	86 76 88 80 w=18.1348	(sium)
Mx 	33.0167
Set font 	Gentium Plus;10;400;;normal;;;LTR
T	17 w=2.2900	(.)
Mx 	37.9494
T	40 71 76 87 72 71 w=26.1328	(Edited)
Mx 	66.7249
T	69 92 w=10.0098	(by)
Mx 	79.3774
T	39 82 81 68 79 71 w=28.9746	(Donald)
Mx 	110.9947
T	48 68 70 w=17.0215	(Mac)
Mx 	128.0162
T	17 w=2.2900	(.)
Mx 	132.9489
T	47 82 81 71 82 81 w=31.0547	(London)
Mx 	164.0036
T	29 w=2.2900	(:)
Mx 	168.9363
T	54 44 47 40 w=17.4609	(SILE)
Mx 	189.0400
T	82 85 74 81 76 93 68 87 76 82 81 w=47.6270	(orgnization)
Mx 	236.6669
T	15 w=2.2900	(,)
Mx 	241.5996
T	21 19 20 19 w=18.7695	(2010)
Mx 	260.3692
T	17 w=2.2900	(.)
Mx 	265.3019
T	22 w=4.6924	(3)
Mx 	269.9943
T	18 w=4.6924	(/)
Mx 	274.6867
T	23 w=4.6924	(4)
Mx 	279.3791
T	17 w=2.2900	(.)
Mx 	14.8819
My 	362.8589
T	45 88 81 74 79 72 w=26.0742	(Jungle)
Mx 	40.9561
T	15 w=2.2900	(,)
Mx 	46.0977
T	180 w=4.3604	(“)
Mx 	50.4581
T	37 68 70 78 w=19.3359	(Back)
Mx 	72.6456
T	87 82 w=8.4717	(to)
Mx 	83.9689
T	87 75 72 w=13.5791	(the)
Mx 	100.3996
T	55 85 72 72 86 w=22.5684	(Trees)
Mx 	122.9679
T	17 w=2.2900	(.)
Mx 	125.2580
T	181 w=4.3604	(”)
Mx 	132.4699
T	44 81 w=8.4961	(In)
Mx 	143.8176
Set font 	Gentium Plus;10;400;Italic;normal;;;LTR
T	51 85 82 70 72 72 71 76 81 74 86 w=44.2773	(Proceedings)
Mx 	190.6873
T	82 73 w=6.9482	(of)
Mx 	200.2279
T	87 75 72 w=11.9434	(the)
Mx 	214.7636
T	25 87 75 w=12.0313	(6th)
Mx 	229.3872
T	41 82 85 72 86 87 w=22.5928	(Forest)
Mx 	254.5723
T	54 92 80 w=16.1230	(Sym)
Mx 	270.6954
T	83 82 w=8.9307	(po)
Mx 	279.6260
T	16 w=3.1299	(-)
Mx 	14.8819
My 	375.1334
T	86 76 88 80 w=18.1348	(sium)
Mx 	33.0167
Set font 	Gentium Plus;10;400;;normal;;;LTR
T	17 w=2.2900	(.)
Mx 	37.9494
T	40 71 76 87 72 71 w=26.1328	(Edited)
Mx 	66.7249
T	69 92 w=10.0098	(by)
Mx 	79.3774
T	39 82 81 68 79 71 w=28.9746	(Donald)
Mx 	110.9947
T	48 68 70 w=17.0215	(Mac)
Mx 	128.0162
T	17 w=2.2900	(.)
Mx 	132.9489
T	47 82 81 71 82 81 w=31.0547	(London)
Mx 	164.0036
T	29 w=2.2900	(:)
Mx 	168.9363
T	54 44 47 40 w=17.4609	(SILE)
Mx 	189.0400
T	82 85 74 81 76 93 68 87 76 82 81 w=47.6270	(orgnization)
Mx 	236.6669
T	15 w=2.2900	(,)
Mx 	241.5996
T	21 19 20 19 w=18.7695	(2010)
Mx 	260.3692
T	17 w=2.2900	(.)
Mx 	265.3019
T	22 w=4.6924	(3)
Mx 	269.9943
T	18 w=4.6924	(/)
Mx 	274.6867
T	23 w=4.6924	(4)
Mx 	279.3791
T	17 w=2.2900	(.)
New page
Mx 	14.8819
My 	28.3983
Set font 	Gentium Plus;10;400;Italic;normal;;;LTR
T	51 85 82 70 72 72 71 76 81 74 86 w=44.2773	(Proceedings)
Mx 	62.5184
T	82 73 w=6.9482	(of)
Mx 	72.8257
T	87 75 72 w=11.9434	(the)
Mx 	88.1282
T	20 26 87 75 w=16.0498	(17th)
Mx 	107.5372
T	44 81 87 72 85 81 68 87 76 82 81 68 79 w=49.2773	(International)
Mx 	160.1736
T	38 82 81 73 72 85 72 81 70 72 w=40.9131	(Conference)
Mx 	204.4459
T	82 81 w=9.1602	(on)
Mx 	216.9651
T	38 82 80 83 88 87 68 87 76 82 81 w=48.2568	(Computation)
Mx 	268.5811
T	68 81 71 w=14.1748	(and)
Mx 	14.8819
My 	40.3983
T	49 68 87 88 85 68 79 w=29.0137	(Natural)
Mx 	47.3581
T	38 82 80 83 88 87 68 87 76 82 81 w=48.2568	(Computation)
Mx 	95.6150
T	15 w=2.0020	(,)
Mx 	101.0795
T	41 82 81 87 68 76 81 72 69 79 72 68 88 w=52.8564	(Fontainebleau)
Mx 	153.9359
T	15 w=2.0020	(,)
Mx 	159.4005
T	41 85 68 81 70 72 w=25.1563	(France)
Mx 	184.5567
Set font 	Gentium Plus;10;400;;normal;;;LTR
T	17 w=2.2900	(.)
Mx 	190.6556
T	40 71 76 87 72 71 w=26.1328	(Edited)
Mx 	220.5972
T	69 92 w=10.0098	(by)
Mx 	234.4158
T	45 68 81 72 w=17.7783	(Jane)
Mx 	256.0030
T	54 80 76 87 75 w=24.4629	(Smith)
Mx 	280.4659
T	17 w=2.2900	(.)
Mx 	14.8819
My 	52.3983
T	38 75 68 80 w=23.5010	(Cham)
Mx 	38.3829
T	15 w=2.2900	(,)
Mx 	43.3291
T	54 90 76 87 93 72 85 79 68 81 71 w=48.8135	(Switzerland)
Mx 	92.1426
T	29 w=2.2900	(:)
Mx 	97.0889
T	54 83 85 76 81 74 72 85 w=35.7031	(Springer)
Mx 	132.7920
T	15 w=2.2900	(,)
Mx 	137.7383
T	21 19 20 27 w=18.7695	(2018)
Mx 	156.5078
T	17 w=2.2900	(.)
Mx 	14.8819
My 	68.3983
T	39 82 72 w=15.5762	(Doe)
Mx 	30.4581
T	15 w=2.2900	(,)
Mx 	35.3916
Set font 	Gentium Plus;10;400;Italic;normal;;;LTR
T	55 75 72 w=14.0820	(The)
Mx 	51.8767
T	41 88 79 79 w=14.0381	(Full)
Mx 	68.3180
T	53 72 73 72 85 72 81 70 72 w=36.0840	(Reference)
Mx 	106.8051
T	48 68 81 88 68 79 w=28.6621	(Manual)
Mx 	135.4672
Set font 	Gentium Plus;10;400;;normal;;;LTR
T	17 w=2.2900	(.)
Mx 	140.4007
T	47 82 81 71 82 81 w=31.0547	(London)
Mx 	171.4554
T	29 w=2.2900	(:)
Mx 	176.3889
T	54 44 47 40 w=17.4609	(SILE)
Mx 	196.4933
T	82 85 74 68 81 76 93 68 87 76 82 81 w=52.2168	(organization)
Mx 	248.7101
T	15 w=2.2900	(,)
Mx 	253.6436
T	21 19 20 27 w=18.7695	(2018)
Mx 	272.4132
T	17 w=2.2900	(.)
Mx 	14.8819
My 	84.3983
Set font 	Gentium Plus;10;400;Italic;normal;;;LTR
T	36 w=5.6006	(A)
Mx 	22.9005
T	48 76 81 76 80 68 79 w=31.3037	(Minimal)
Mx 	56.6222
T	53 72 73 72 85 72 81 70 72 w=36.0840	(Reference)
Mx 	95.1243
T	48 68 81 88 68 79 w=28.6621	(Manual)
Mx 	123.7864
Set font 	Gentium Plus;10;400;;normal;;;LTR
T	17 w=2.2900	(.)
Mx 	14.8819
My 	100.3983
T	54 80 76 87 75 w=24.4629	(Smith)
Mx 	39.3448
T	15 w=2.2900	(,)
Mx 	44.4389
T	180 w=4.3604	(“)
Mx 	48.7992
T	36 86 92 80 83 87 82 87 76 70 w=47.0703	(Asymptotic)
Mx 	98.6736
T	79 76 80 76 87 86 w=23.4668	(limits)
Mx 	124.9444
T	76 81 w=8.2275	(in)
Mx 	135.9760
T	82 83 72 81 w=20.4639	(open)
Mx 	156.4398
T	16 w=3.3691	(-)
Mx 	159.8090
T	86 82 88 85 70 72 w=27.1387	(source)
Mx 	189.7517
T	87 92 83 82 74 85 68 83 75 92 w=47.8760	(typography)
Mx 	240.4317
T	86 82 73 87 90 68 85 72 w=35.6738	(software)
Mx 	276.1055
T	17 w=2.2900	(.)
Mx 	278.3956
T	181 w=4.3604	(”)
Mx 	14.8819
My 	112.3983
T	53 72 86 72 68 85 70 75 w=37.1484	(Research)
Mx 	54.6784
T	81 82 87 72 w=18.6084	(note)
Mx 	73.2868
T	17 w=2.2900	(.)
Mx 	78.2248
T	47 76 79 79 72 w=17.5098	(Lille)
Mx 	95.7346
T	29 w=2.2900	(:)
Mx 	100.6727
T	44 81 86 87 76 87 88 87 72 w=35.3125	(Institute)
Mx 	138.6332
T	82 73 w=8.1396	(of)
Mx 	149.4209
T	55 72 70 75 81 82 69 68 69 69 79 72 w=57.7148	(Technobabble)
Mx 	207.1358
T	15 w=2.2900	(,)
Mx 	212.0739
T	21 19 19 25 w=18.7695	(2006)
Mx 	230.8434
T	17 w=2.2900	(.)
Mx 	14.8819
My 	128.3983
T	54 80 76 87 75 w=24.4629	(Smith)
Mx 	39.3448
T	15 w=2.2900	(,)
Mx 	44.4389
T	180 w=4.3604	(“)
Mx 	48.7992
T	36 86 92 80 83 87 82 87 76 70 w=47.0703	(Asymptotic)
Mx 	98.6736
T	79 76 80 76 87 86 w=23.4668	(limits)
Mx 	124.9444
T	76 81 w=8.2275	(in)
Mx 	135.9760
T	82 83 72 81 w=20.4639	(open)
Mx 	156.4398
T	16 w=3.3691	(-)
Mx 	159.8090
T	86 82 88 85 70 72 w=27.1387	(source)
Mx 	189.7517
T	87 92 83 82 74 85 68 83 75 92 w=47.8760	(typography)
Mx 	240.4317
T	86 82 73 87 90 68 85 72 w=35.6738	(software)
Mx 	276.1055
T	17 w=2.2900	(.)
Mx 	278.3956
T	181 w=4.3604	(”)
Mx 	14.8819
My 	140.3983
T	44 81 86 87 76 87 88 87 72 w=35.3125	(Institute)
Mx 	52.8519
T	82 73 w=8.1396	(of)
Mx 	63.6490
T	55 72 70 75 81 82 69 68 69 69 79 72 w=57.7148	(Technobabble)
Mx 	121.3639
T	15 w=2.2900	(,)
Mx 	126.3114
T	21 19 19 25 w=18.7695	(2006)
Mx 	145.0809
T	17 w=2.2900	(.)
Mx 	14.8819
My 	156.3983
T	54 80 76 87 75 w=24.4629	(Smith)
Mx 	42.3377
T	72 87 w=8.0615	(et)
Mx 	53.3921
T	68 79 w=7.2998	(al)
Mx 	60.6919
T	17 w=2.2900	(.)
Mx 	62.9819
T	15 w=2.2900	(,)
Mx 	68.2648
T	180 w=4.3604	(“)
Mx 	72.6252
T	49 82 81 w=17.0361	(Non)
Mx 	89.6613
T	16 w=3.3691	(-)
Mx 	93.0305
T	79 76 81 72 68 85 w=24.1064	(linear)
Mx 	120.1298
T	71 72 85 76 89 68 87 76 82 81 86 w=46.5723	(derivations)
Mx 	169.6949
T	76 81 w=8.2275	(in)
Mx 	180.9154
T	82 83 72 81 w=20.4639	(open)
Mx 	201.3792
T	16 w=3.3691	(-)
Mx 	204.7484
T	86 82 88 85 70 72 w=27.1387	(source)
Mx 	234.8799
T	87 92 83 82 74 85 68 83 75 92 w=47.8760	(typography)
Mx 	14.8819
My 	168.3983
T	86 82 73 87 90 68 85 72 w=35.6738	(software)
Mx 	50.5557
T	17 w=2.2900	(.)
Mx 	52.8458
T	181 w=4.3604	(”)
Mx 	59.8492
T	51 75 39 w=16.6748	(PhD)
Mx 	79.1670
T	87 75 72 86 76 86 w=24.0137	(thesis)
Mx 	103.1807
T	17 w=2.2900	(.)
Mx 	108.1138
T	47 82 88 89 68 76 81 w=32.8369	(Louvain)
Mx 	140.9507
T	29 w=2.2900	(:)
Mx 	145.8838
T	44 81 86 87 76 87 88 87 72 w=35.3125	(Institute)
Mx 	183.8394
T	82 73 w=8.1396	(of)
Mx 	194.6221
T	55 72 70 75 81 82 69 68 69 69 79 72 w=57.7148	(Technobabble)
Mx 	252.3370
T	15 w=2.2900	(,)
Mx 	257.2701
T	21 19 20 25 w=18.7695	(2016)
Mx 	276.0396
T	17 w=2.2900	(.)
Mx 	14.8819
My 	184.3983
T	54 80 76 87 75 w=24.4629	(Smith)
Mx 	39.3448
T	15 w=2.2900	(,)
Mx 	44.2287
Set font 	Gentium Plus;10;400;Italic;normal;;;LTR
T	53 72 83 82 85 87 w=24.7412	(Report)
Mx 	71.3279
T	82 81 w=9.1602	(on)
Mx 	82.8461
T	68 71 89 68 81 70 72 86 w=34.4189	(advances)
Mx 	119.6231
T	76 81 w=7.4023	(in)
Mx 	129.3835
T	55 92 83 82 74 85 68 83 75 92 w=45.3369	(Typography)
Mx 	174.7204
Set font 	Gentium Plus;10;400;;normal;;;LTR
T	17 w=2.2900	(.)
Mx 	179.6043
T	47 88 91 72 80 69 82 88 85 74 w=51.9824	(Luxembourg)
Mx 	231.5868
T	29 w=2.2900	(:)
Mx 	236.4706
T	55 75 72 w=15.6445	(The)
Mx 	254.7090
T	38 82 85 w=14.3506	(Cor)
Mx 	269.0596
T	83 82 w=10.3271	(po)
Mx 	279.3868
T	16 w=3.3691	(-)
Mx 	14.8819
My 	196.3983
T	85 68 w=8.5498	(ra)
Mx 	23.4317
T	87 76 82 81 w=16.6992	(tion)
Mx 	42.7801
T	82 73 w=8.1396	(of)
Mx 	53.5689
T	55 72 70 75 81 82 69 68 69 69 79 72 85 86 w=65.5371	(Technobabblers)
Mx 	119.1060
T	15 w=2.2900	(,)
Mx 	124.0452
T	21 19 21 21 w=18.7695	(2022)
Mx 	142.8147
T	17 w=2.2900	(.)
Mx 	147.7539
T	55 40 38 w=15.8301	(TEC)
Mx 	163.5840
T	18 w=4.6924	(/)
Mx 	168.2764
T	36 53 w=11.5625	(AR)
Mx 	179.8389
T	18 w=4.6924	(/)
Mx 	184.5312
T	21 19 21 21 w=18.7695	(2022)
Mx 	203.3008
T	16 w=3.3691	(-)
Mx 	206.6699
T	19 19 20 w=14.0771	(001)
Mx 	220.7471
T	17 w=2.2900	(.)
Mx 	14.8819
My 	212.3983
T	58 76 79 69 88 85 w=28.2568	(Wilbur)
Mx 	43.1387
T	15 w=2.2900	(,)
Mx 	47.3373
Set font 	Gentium Plus;10;400;Italic;normal;;;LTR
T	48 76 86 70 72 79 79 68 81 72 82 88 86 w=51.8750	(Miscellaneous)
Mx 	100.9473
T	55 75 76 81 74 86 w=25.4736	(Things)
Mx 	126.4210
Set font 	Gentium Plus;10;400;;normal;;;LTR
T	17 w=2.2900	(.)
Mx 	130.6195
T	75 87 87 83 86 w=21.5625	(https)
Mx 	152.1820
T	29 w=2.2900	(:)
Mx 	154.4721
T	18 w=4.6924	(/)
Mx 	159.1644
T	18 w=4.6924	(/)
Mx 	163.8568
T	87 72 70 75 81 82 69 68 69 69 79 72 85 86 17 70 82 80 w=83.1934	(technobabblers.com)
Mx 	247.0502
T	18 w=4.6924	(/)
Mx 	251.7426
T	21 19 21 19 w=18.7695	(2020)
Mx 	270.5121
T	18 w=4.6924	(/)
Mx 	275.2045
T	21 22 23 w=14.0771	(234)
Mx 	289.2816
T	15 w=2.2900	(,)
Mx 	14.8819
My 	224.3983
T	21 19 21 19 w=18.7695	(2020)
Mx 	33.6514
T	17 w=2.2900	(.)
Mx 	14.8819
My 	240.3983
T	39 82 72 w=15.5762	(Doe)
Mx 	30.4581
T	15 w=2.2900	(,)
Mx 	35.4028
Set font 	Gentium Plus;10;400;Italic;normal;;;LTR
T	36 w=5.6006	(A)
Mx 	43.4167
T	41 72 90 w=14.5801	(Few)
Mx 	60.4101
T	43 76 87 75 72 85 87 82 w=31.2744	(Hitherto)
Mx 	94.0978
T	56 81 83 88 69 79 76 86 75 72 71 w=47.1875	(Unpublished)
Mx 	143.6986
T	54 87 88 71 76 72 86 w=27.0459	(Studies)
Mx 	170.7445
Set font 	Gentium Plus;10;400;;normal;;;LTR
T	17 w=2.2900	(.)
Mx 	14.8819
My 	256.3983
T	39 82 72 w=15.5762	(Doe)
Mx 	30.4581
T	15 w=2.2900	(,)
Mx 	35.4002
Set font 	Gentium Plus;10;400;Italic;normal;;;LTR
T	55 75 72 w=14.0820	(The)
Mx 	51.8933
T	38 82 80 83 79 72 87 72 w=34.2822	(Complete)
Mx 	88.5866
T	56 81 83 88 69 79 76 86 75 72 71 w=47.1875	(Unpublished)
Mx 	138.1851
T	55 75 72 82 85 76 72 86 w=31.7139	(Theories)
Mx 	169.8990
Set font 	Gentium Plus;10;400;;normal;;;LTR
T	17 w=2.2900	(.)
Mx 	174.8412
T	21 19 21 22 w=18.7695	(2023)
Mx 	193.6107
T	17 w=2.2900	(.)
End page
Finish
