Set paper size 	297.6377985	419.5275636
Begin page
Mx 	14.8819
My 	28.1541
Set font 	Hack;10;400;;normal;;;LTR
T	591 w=6.0205	(#)
Mx 	81.1075
T	591 w=6.0205	(#)
Mx 	14.8819
My 	40.1541
T	591 w=6.0205	(#)
Mx 	20.9024
T	591 w=6.0205	(#)
Mx 	26.9229
T	629 w=6.0205	(()
Mx 	32.9434
T	630 w=6.0205	())
Mx 	38.9639
T	598 w=6.0205	(;)
Mx 	44.9844
T	583 w=6.0205	(:)
Mx 	51.0049
T	584 w=6.0205	(,)
Mx 	57.0254
T	158 w=6.0205	(i)
Mx 	63.0460
T	623 w=6.0205	([)
Mx 	69.0665
T	624 w=6.0205	(])
Mx 	75.0870
T	591 w=6.0205	(#)
Mx 	81.1075
T	591 w=6.0205	(#)
Mx 	14.8819
My 	52.1541
T	591 w=6.0205	(#)
Mx 	20.9024
T	591 w=6.0205	(#)
Mx 	26.9229
T	56 56 103 103 77 77 32 32 w=48.1641	(MMWWQQGG)
Mx 	75.0870
T	591 w=6.0205	(#)
Mx 	81.1075
T	591 w=6.0205	(#)
Mx 	14.8819
My 	70.1541
T	591 w=6.0205	(#)
Mx 	81.1075
T	591 w=6.0205	(#)
Mx 	14.8819
My 	82.1541
T	591 w=6.0205	(#)
Mx 	20.9024
T	591 w=6.0205	(#)
Mx 	26.9229
T	629 w=6.0205	(()
Mx 	32.9434
T	630 w=6.0205	())
Mx 	38.9639
T	598 w=6.0205	(;)
Mx 	44.9844
T	583 w=6.0205	(:)
Mx 	51.0049
T	584 w=6.0205	(,)
Mx 	57.0254
T	158 w=6.0205	(i)
Mx 	63.0460
T	623 w=6.0205	([)
Mx 	69.0665
T	624 w=6.0205	(])
Mx 	75.0870
T	591 w=6.0205	(#)
Mx 	81.1075
T	591 w=6.0205	(#)
Mx 	14.8819
My 	94.1541
T	591 w=6.0205	(#)
Mx 	20.9024
T	591 w=6.0205	(#)
Mx 	26.9229
T	56 56 103 103 77 77 32 32 w=48.1641	(MMWWQQGG)
Mx 	75.0870
T	591 w=6.0205	(#)
Mx 	81.1075
T	591 w=6.0205	(#)
End page
Finish
