Set paper size 	297.6377985	419.5275636
Begin page
Mx 	14.8819
My 	27.5975
Set font 	Gentium Plus;10;400;;normal;;;LTR;
T	47 76 81 72 20 w=22.2998	(Line1)
My 	39.5975
T	47 76 81 72 21 w=22.2998	(Line2)
My 	51.5975
T	47 76 81 72 20 w=22.2998	(Line1)
My 	63.5975
T	47 76 81 72 21 w=22.2998	(Line2)
My 	75.5975
T	47 76 81 72 20 w=22.2998	(Line1)
My 	99.5975
T	47 76 81 72 21 w=22.2998	(Line2)
My 	111.5975
T	47 76 81 72 20 w=22.2998	(Line1)
My 	123.5975
My 	135.5975
T	47 76 81 72 21 w=22.2998	(Line2)
End page
Finish
