Set paper size 	297.6377985	419.5275636
Begin page
Mx 	14.8819
My 	28.5447
Set font 	Gentium Plus;10;400;;normal;;;LTR;
T	71 76 w=7.9102	(di)
Mx 	22.7920
T	741 w=8.9307	(ffi)
Mx 	31.7227
T	70 88 79 87 w=15.8203	(cult)
Mx 	51.0939
T	71 76 w=7.9102	(di)
Mx 	59.0041
T	741 w=8.9307	(ffi)
Mx 	67.9348
T	70 88 79 87 w=15.8203	(cult)
Mx 	87.3060
T	71 76 w=7.9102	(di)
Mx 	95.2162
T	741 w=8.9307	(ffi)
Mx 	104.1468
T	70 88 79 87 w=15.8203	(cult)
Mx 	123.5180
T	71 76 w=7.9102	(di)
Mx 	131.4282
T	741 w=8.9307	(ffi)
Mx 	140.3589
T	70 88 79 87 w=15.8203	(cult)
Mx 	159.7301
T	71 76 w=7.9102	(di)
Mx 	167.6403
T	741 w=8.9307	(ffi)
Mx 	176.5709
T	70 88 79 87 w=15.8203	(cult)
Mx 	195.9422
T	71 76 w=7.9102	(di)
Mx 	203.8523
T	741 w=8.9307	(ffi)
Mx 	212.7830
T	70 88 79 87 w=15.8203	(cult)
Mx 	232.1542
T	71 76 w=7.9102	(di)
Mx 	240.0644
T	741 w=8.9307	(ffi)
Mx 	248.9950
T	70 88 79 87 w=15.8203	(cult)
Mx 	268.3663
T	71 76 w=7.9102	(di)
Mx 	276.2764
T	73 w=3.1104	(f)
Mx 	279.3868
T	16 w=3.3691	(-)
Mx 	14.8819
My 	40.5447
T	737 w=5.8203	(fi)
Mx 	20.7022
T	70 88 79 87 w=15.8203	(cult)
Mx 	39.1669
T	71 68 92 w=14.7217	(day)
Mx 	56.5330
T	71 76 w=7.9102	(di)
Mx 	64.4432
T	741 w=8.9307	(ffi)
Mx 	73.3738
T	70 88 79 87 w=15.8203	(cult)
Mx 	91.8386
T	71 76 w=7.9102	(di)
Mx 	99.7487
T	741 w=8.9307	(ffi)
Mx 	108.6794
T	70 88 79 87 w=15.8203	(cult)
Mx 	127.1441
T	71 76 w=7.9102	(di)
Mx 	135.0543
T	741 w=8.9307	(ffi)
Mx 	143.9849
T	70 88 79 87 w=15.8203	(cult)
Mx 	162.4496
T	71 76 w=7.9102	(di)
Mx 	170.3598
T	741 w=8.9307	(ffi)
Mx 	179.2905
T	70 88 79 87 w=15.8203	(cult)
Mx 	197.7552
T	71 76 w=7.9102	(di)
Mx 	205.6653
T	741 w=8.9307	(ffi)
Mx 	214.5960
T	70 88 79 87 w=15.8203	(cult)
Mx 	233.0607
T	71 76 w=7.9102	(di)
Mx 	240.9709
T	741 w=8.9307	(ffi)
Mx 	249.9015
T	70 88 79 87 w=15.8203	(cult)
Mx 	268.3663
T	71 76 w=7.9102	(di)
Mx 	276.2764
T	73 w=3.1104	(f)
Mx 	279.3868
T	16 w=3.3691	(-)
Mx 	14.8819
My 	52.5447
T	737 w=5.8203	(fi)
Mx 	20.7022
T	70 88 79 87 w=15.8203	(cult)
Mx 	39.1669
T	71 76 w=7.9102	(di)
Mx 	47.0771
T	741 w=8.9307	(ffi)
Mx 	56.0077
T	70 88 79 87 w=15.8203	(cult)
Mx 	74.4725
T	71 68 92 w=14.7217	(day)
Mx 	91.8386
T	71 76 w=7.9102	(di)
Mx 	99.7487
T	741 w=8.9307	(ffi)
Mx 	108.6794
T	70 88 79 87 w=15.8203	(cult)
Mx 	127.1441
T	71 76 w=7.9102	(di)
Mx 	135.0543
T	741 w=8.9307	(ffi)
Mx 	143.9849
T	70 88 79 87 w=15.8203	(cult)
Mx 	162.4496
T	71 76 w=7.9102	(di)
Mx 	170.3598
T	741 w=8.9307	(ffi)
Mx 	179.2905
T	70 88 79 87 w=15.8203	(cult)
Mx 	197.7552
T	71 76 w=7.9102	(di)
Mx 	205.6653
T	741 w=8.9307	(ffi)
Mx 	214.5960
T	70 88 79 87 w=15.8203	(cult)
Mx 	233.0607
T	71 76 w=7.9102	(di)
Mx 	240.9709
T	741 w=8.9307	(ffi)
Mx 	249.9015
T	70 88 79 87 w=15.8203	(cult)
Mx 	268.3663
T	71 76 w=7.9102	(di)
Mx 	276.2764
T	73 w=3.1104	(f)
Mx 	279.3868
T	16 w=3.3691	(-)
Mx 	14.8819
My 	64.5447
T	737 w=5.8203	(fi)
Mx 	20.7022
T	70 88 79 87 w=15.8203	(cult)
Mx 	38.7420
T	71 76 w=7.9102	(di)
Mx 	46.6521
T	741 w=8.9307	(ffi)
Mx 	55.5828
T	70 88 79 87 w=15.8203	(cult)
Mx 	73.6226
T	71 76 w=7.9102	(di)
Mx 	81.5327
T	741 w=8.9307	(ffi)
Mx 	90.4634
T	70 88 79 87 w=15.8203	(cult)
Mx 	108.5032
T	71 68 92 w=14.7217	(day)
Mx 	123.2248
T	17 w=2.2900	(.)
Mx 	14.8819
My 	76.5447
T	91 91 91 91 91 91 91 w=35.2051	(xxxxxxx)
Mx 	52.1065
T	71 76 w=7.9102	(di)
Mx 	60.0167
T	741 w=8.9307	(ffi)
Mx 	68.9473
T	70 88 79 w=12.3779	(cul)
Mx 	81.3252
T	87 92 w=8.3740	(ty)
Mx 	91.7188
T	71 76 w=7.9102	(di)
Mx 	99.6290
T	741 w=8.9307	(ffi)
Mx 	108.5596
T	70 88 79 w=12.3779	(cul)
Mx 	120.9376
T	87 92 w=8.3740	(ty)
Mx 	131.3311
T	71 76 w=7.9102	(di)
Mx 	139.2413
T	741 w=8.9307	(ffi)
Mx 	148.1719
T	70 88 79 w=12.3779	(cul)
Mx 	160.5499
T	87 92 w=8.3740	(ty)
Mx 	170.9434
T	71 76 w=7.9102	(di)
Mx 	178.8536
T	741 w=8.9307	(ffi)
Mx 	187.7842
T	70 88 79 w=12.3779	(cul)
Mx 	200.1622
T	87 92 w=8.3740	(ty)
Mx 	210.5557
T	71 76 w=7.9102	(di)
Mx 	218.4659
T	741 w=8.9307	(ffi)
Mx 	227.3965
T	70 88 79 w=12.3779	(cul)
Mx 	239.7745
T	87 92 w=8.3740	(ty)
Mx 	250.1680
T	71 76 w=7.9102	(di)
Mx 	258.0782
T	741 w=8.9307	(ffi)
Mx 	267.0088
T	70 88 79 w=12.3779	(cul)
Mx 	279.3868
T	16 w=3.3691	(-)
Mx 	14.8819
My 	88.5447
T	87 92 w=8.3740	(ty)
Mx 	26.0019
T	71 76 w=7.9102	(di)
Mx 	33.9120
T	741 w=8.9307	(ffi)
Mx 	42.8427
T	70 88 79 w=12.3779	(cul)
Mx 	55.2206
T	87 92 w=8.3740	(ty)
Mx 	66.3406
T	71 76 w=7.9102	(di)
Mx 	74.2508
T	741 w=8.9307	(ffi)
Mx 	83.1814
T	70 88 79 w=12.3779	(cul)
Mx 	95.5593
T	87 92 w=8.3740	(ty)
Mx 	106.6793
T	71 68 92 w=14.7217	(day)
Mx 	124.1470
T	71 76 w=7.9102	(di)
Mx 	132.0571
T	741 w=8.9307	(ffi)
Mx 	140.9878
T	70 88 79 w=12.3779	(cul)
Mx 	153.3657
T	87 92 w=8.3740	(ty)
Mx 	164.4857
T	71 76 w=7.9102	(di)
Mx 	172.3958
T	741 w=8.9307	(ffi)
Mx 	181.3265
T	70 88 79 w=12.3779	(cul)
Mx 	193.7044
T	87 92 w=8.3740	(ty)
Mx 	204.8244
T	71 76 w=7.9102	(di)
Mx 	212.7346
T	741 w=8.9307	(ffi)
Mx 	221.6652
T	70 88 79 w=12.3779	(cul)
Mx 	234.0432
T	87 92 w=8.3740	(ty)
Mx 	245.1631
T	71 76 w=7.9102	(di)
Mx 	253.0733
T	741 w=8.9307	(ffi)
Mx 	262.0040
T	70 88 79 w=12.3779	(cul)
Mx 	274.3819
T	87 92 w=8.3740	(ty)
Mx 	14.8819
My 	100.5447
T	71 76 w=7.9102	(di)
Mx 	22.7920
T	741 w=8.9307	(ffi)
Mx 	31.7227
T	70 88 79 w=12.3779	(cul)
Mx 	44.1006
T	87 92 w=8.3740	(ty)
Mx 	54.3612
T	71 76 w=7.9102	(di)
Mx 	62.2714
T	741 w=8.9307	(ffi)
Mx 	71.2021
T	70 88 79 w=12.3779	(cul)
Mx 	83.5800
T	87 92 w=8.3740	(ty)
Mx 	93.8406
T	71 76 w=7.9102	(di)
Mx 	101.7508
T	741 w=8.9307	(ffi)
Mx 	110.6814
T	70 88 79 w=12.3779	(cul)
Mx 	123.0593
T	87 92 w=8.3740	(ty)
Mx 	133.3199
T	71 76 w=7.9102	(di)
Mx 	141.2301
T	741 w=8.9307	(ffi)
Mx 	150.1608
T	70 88 79 w=12.3779	(cul)
Mx 	162.5387
T	87 92 w=8.3740	(ty)
Mx 	172.7993
T	71 68 92 w=14.7217	(day)
Mx 	189.4076
T	71 76 w=7.9102	(di)
Mx 	197.3177
T	741 w=8.9307	(ffi)
Mx 	206.2484
T	70 88 79 w=12.3779	(cul)
Mx 	218.6263
T	87 92 w=8.3740	(ty)
Mx 	228.8869
T	71 76 w=7.9102	(di)
Mx 	236.7971
T	741 w=8.9307	(ffi)
Mx 	245.7277
T	70 88 79 w=12.3779	(cul)
Mx 	258.1057
T	87 92 w=8.3740	(ty)
Mx 	268.3663
T	71 76 w=7.9102	(di)
Mx 	276.2764
T	73 w=3.1104	(f)
Mx 	279.3868
T	16 w=3.3691	(-)
Mx 	14.8819
My 	112.5447
T	737 w=5.8203	(fi)
Mx 	20.7022
T	70 88 79 w=12.3779	(cul)
Mx 	33.0801
T	87 92 w=8.3740	(ty)
Mx 	43.6591
T	71 76 w=7.9102	(di)
Mx 	51.5693
T	741 w=8.9307	(ffi)
Mx 	60.4999
T	70 88 79 w=12.3779	(cul)
Mx 	72.8778
T	87 92 w=8.3740	(ty)
Mx 	83.4568
T	71 76 w=7.9102	(di)
Mx 	91.3670
T	741 w=8.9307	(ffi)
Mx 	100.2976
T	70 88 79 w=12.3779	(cul)
Mx 	112.6756
T	87 92 w=8.3740	(ty)
Mx 	123.2545
T	71 76 w=7.9102	(di)
Mx 	131.1647
T	741 w=8.9307	(ffi)
Mx 	140.0954
T	70 88 79 w=12.3779	(cul)
Mx 	152.4733
T	87 92 w=8.3740	(ty)
Mx 	163.0523
T	71 76 w=7.9102	(di)
Mx 	170.9624
T	741 w=8.9307	(ffi)
Mx 	179.8931
T	70 88 79 w=12.3779	(cul)
Mx 	192.2710
T	87 92 w=8.3740	(ty)
Mx 	202.8500
T	71 76 w=7.9102	(di)
Mx 	210.7601
T	741 w=8.9307	(ffi)
Mx 	219.6908
T	70 88 79 w=12.3779	(cul)
Mx 	232.0687
T	87 92 w=8.3740	(ty)
Mx 	242.6477
T	71 68 92 w=14.7217	(day)
End page
Finish
