Set paper size 	297.6377985	419.5275636
Begin page
Mx 	14.8819
My 	25.3664
Set font 	Libertinus Math;10;400;Regular;normal;;;LTR
T	2768 w=5.4100	(nil)
My 	37.3664
T	2769 w=5.4000	(nil)
End page
Finish
