Set paper size 	595.275597	841.8897729
Begin page
Mx 	541.9479
My 	117.7638
Set font 	Noto Sans CJK JP;10;400;;normal;;;LTR
T	41 70 77 77 80 w=24.5800	(Hello)
My 	144.6306
T	88 80 83 77 69 w=26.9700	(world)
My 	171.6006
T	15 w=2.7800	(.)
Mx 	298.1329
My 	781.8786
T	18 w=5.5500	(1)
End page
Finish
