Set paper size 	297.6377985	419.5275636
Begin page
Mx 	26.8819
My 	28.5447
Set font 	Gentium Plus;10;400;;normal;;;LTR;
T	71 72 87 72 70 87 w=25.6934	(detect)
Mx 	54.8008
T	91 80 79 w=15.7715	(xml)
Mx 	146.4727
My 	392.0445
T	20 w=4.6924	(1)
End page
Finish
