Set paper size 	841.8897729	595.275597
Begin page
Mx 	418.5987
My 	553.7327
Set font 	Gentium Plus;10;400;;normal;;;LTR
T	20 w=4.6924	(1)
End page
Finish
