Set paper size 	595.275597	841.8897729
Begin page
Mx 	49.7638
My 	61.0395
Set font 	Gentium Plus;10;400;;normal;;;LTR
T	49 88 80 69 72 85 w=33.4766	(Number)
Mx 	85.9246
T	80 68 87 85 76 91 w=27.7637	(matrix)
Mx 	113.6882
T	15 w=2.2900	(,)
Mx 	118.6625
T	87 72 91 87 w=16.5332	(text)
Mx 	135.1957
T	15 w=2.2900	(,)
Mx 	140.1699
T	55 72 59 w=16.2793	(TeX)
Mx 	156.4492
T	29 w=2.2900	(:)
Mx 	161.4235
My 	48.2345
Set font 	Libertinus Math;10;400;Regular;normal;;;LTR
T	18 w=4.6500	(nil)
Mx 	172.0735
T	19 w=4.6500	(nil)
Mx 	182.7235
T	24 w=4.6500	(nil)
Mx 	161.4235
My 	61.4745
T	17 w=4.6500	(nil)
Mx 	172.0735
T	22 w=4.6500	(nil)
Mx 	182.7235
T	20 w=4.6500	(nil)
Mx 	161.4235
My 	74.6845
T	25 w=4.6500	(nil)
Mx 	172.0735
T	19 w=4.6500	(nil)
Mx 	182.7235
T	18 w=4.6500	(nil)
Mx 	49.7638
My 	83.3528
Set font 	Gentium Plus;10;400;;normal;;;LTR
T	49 88 80 69 72 85 w=33.4766	(Number)
Mx 	85.9263
T	80 68 87 85 76 91 w=27.7637	(matrix)
Mx 	113.6900
T	15 w=2.2900	(,)
Mx 	118.6660
T	71 76 86 83 79 68 92 w=29.3018	(display)
Mx 	147.9677
T	15 w=2.2900	(,)
Mx 	152.9437
T	55 72 59 w=16.2793	(TeX)
Mx 	169.2230
T	29 w=2.2900	(:)
Mx 	284.6628
My 	102.0163
Set font 	Libertinus Math;10;400;Regular;normal;;;LTR
T	18 w=4.6500	(nil)
Mx 	295.3128
T	19 w=4.6500	(nil)
Mx 	305.9628
T	24 w=4.6500	(nil)
Mx 	284.6628
My 	115.2563
T	17 w=4.6500	(nil)
Mx 	295.3128
T	22 w=4.6500	(nil)
Mx 	305.9628
T	20 w=4.6500	(nil)
Mx 	284.6628
My 	128.4663
T	25 w=4.6500	(nil)
Mx 	295.3128
T	19 w=4.6500	(nil)
Mx 	305.9628
T	18 w=4.6500	(nil)
Mx 	49.7638
My 	160.8513
Set font 	Gentium Plus;10;400;;normal;;;LTR
T	41 82 85 80 88 79 68 86 w=38.2617	(Formulas)
Mx 	88.0255
T	15 w=2.2900	(,)
Mx 	92.9939
T	87 72 91 87 w=16.5332	(text)
Mx 	109.5271
T	15 w=2.2900	(,)
Mx 	114.4955
T	55 72 59 w=16.2793	(TeX)
Mx 	130.7748
T	29 w=2.2900	(:)
Mx 	135.7560
My 	144.7283
Set font 	Libertinus Math;10;400;Regular;normal;;;LTR
T	2765 w=4.9200	(nil)
Mx 	140.3160
My 	146.8283
Set font 	Libertinus Math;8;400;Regular;normal;;;LTR
T	17 w=3.7200	(nil)
Mx 	150.4660
My 	144.7283
Set font 	Libertinus Math;10;400;Regular;normal;;;LTR
T	30 w=6.4800	(nil)
Mx 	162.9460
T	18 w=4.6500	(nil)
Mx 	135.7560
My 	159.9883
T	2765 w=4.9200	(nil)
Mx 	140.3160
My 	162.0883
Set font 	Libertinus Math;8;400;Regular;normal;;;LTR
T	18 w=3.7200	(nil)
Mx 	150.4660
My 	159.9883
Set font 	Libertinus Math;10;400;Regular;normal;;;LTR
T	30 w=6.4800	(nil)
Mx 	162.9460
T	18 w=4.6500	(nil)
Mx 	135.7432
My 	175.6743
T	2765 w=4.9200	(nil)
Mx 	140.3032
My 	177.7743
Set font 	Libertinus Math;8;400;Regular;normal;;;LTR
T	2758 w=3.7328	(nil)
Mx 	150.4660
My 	175.6743
Set font 	Libertinus Math;10;400;Regular;normal;;;LTR
T	30 w=6.4800	(nil)
Mx 	162.9460
T	2765 w=4.9200	(nil)
Mx 	167.5060
My 	177.7743
Set font 	Libertinus Math;8;400;Regular;normal;;;LTR
T	2758 w=3.7328	(nil)
Mx 	171.2388
T	2088 w=5.1840	(nil)
Mx 	176.4228
T	18 w=3.7200	(nil)
Mx 	182.8311
My 	175.6743
Set font 	Libertinus Math;10;400;Regular;normal;;;LTR
T	12 w=6.4800	(nil)
Mx 	191.5694
T	2765 w=4.9200	(nil)
Mx 	196.1294
My 	177.7743
Set font 	Libertinus Math;8;400;Regular;normal;;;LTR
T	2758 w=3.7328	(nil)
Mx 	199.8622
T	2088 w=5.1840	(nil)
Mx 	205.0462
T	19 w=3.7200	(nil)
Mx 	209.1962
My 	175.6743
Set font 	Libertinus Math;10;400;Regular;normal;;;LTR
T	13 w=2.2000	(nil)
Mx 	213.0629
T	2070 w=5.9800	(nil)
Mx 	219.0429
T	2758 w=4.7100	(nil)
Mx 	226.6209
T	2618 w=6.4800	(nil)
Mx 	235.9689
T	19 w=4.6500	(nil)
Mx 	49.7638
My 	186.4227
Set font 	Gentium Plus;10;400;;normal;;;LTR
T	41 82 85 80 88 79 68 86 w=38.2617	(Formulas)
Mx 	88.0255
T	15 w=2.2900	(,)
Mx 	93.0057
T	87 72 91 87 w=16.5332	(text)
Mx 	109.5389
T	15 w=2.2900	(,)
Mx 	114.5192
T	55 72 59 w=16.2793	(TeX)
Mx 	130.7985
T	29 w=2.2900	(:)
Mx 	245.3391
My 	204.0740
Set font 	Libertinus Math;10;400;Regular;normal;;;LTR
T	2765 w=4.9200	(nil)
Mx 	249.8991
My 	206.1740
Set font 	Libertinus Math;8;400;Regular;normal;;;LTR
T	17 w=3.7200	(nil)
Mx 	260.0491
My 	204.0740
Set font 	Libertinus Math;10;400;Regular;normal;;;LTR
T	30 w=6.4800	(nil)
Mx 	272.5291
T	18 w=4.6500	(nil)
Mx 	245.3391
My 	219.3340
T	2765 w=4.9200	(nil)
Mx 	249.8991
My 	221.4340
Set font 	Libertinus Math;8;400;Regular;normal;;;LTR
T	18 w=3.7200	(nil)
Mx 	260.0491
My 	219.3340
Set font 	Libertinus Math;10;400;Regular;normal;;;LTR
T	30 w=6.4800	(nil)
Mx 	272.5291
T	18 w=4.6500	(nil)
Mx 	245.3263
My 	235.0200
T	2765 w=4.9200	(nil)
Mx 	249.8863
My 	237.1200
Set font 	Libertinus Math;8;400;Regular;normal;;;LTR
T	2758 w=3.7328	(nil)
Mx 	260.0491
My 	235.0200
Set font 	Libertinus Math;10;400;Regular;normal;;;LTR
T	30 w=6.4800	(nil)
Mx 	272.5291
T	2765 w=4.9200	(nil)
Mx 	277.0891
My 	237.1200
Set font 	Libertinus Math;8;400;Regular;normal;;;LTR
T	2758 w=3.7328	(nil)
Mx 	280.8219
T	2088 w=5.1840	(nil)
Mx 	286.0059
T	18 w=3.7200	(nil)
Mx 	292.3781
My 	235.0200
Set font 	Libertinus Math;10;400;Regular;normal;;;LTR
T	12 w=6.4800	(nil)
Mx 	301.0803
T	2765 w=4.9200	(nil)
Mx 	305.6403
My 	237.1200
Set font 	Libertinus Math;8;400;Regular;normal;;;LTR
T	2758 w=3.7328	(nil)
Mx 	309.3731
T	2088 w=5.1840	(nil)
Mx 	314.5571
T	19 w=3.7200	(nil)
Mx 	318.7071
My 	235.0200
Set font 	Libertinus Math;10;400;Regular;normal;;;LTR
T	13 w=2.2000	(nil)
Mx 	322.5738
T	2070 w=5.9800	(nil)
Mx 	328.5538
T	2758 w=4.7100	(nil)
Mx 	336.0416
T	2618 w=6.4800	(nil)
Mx 	345.2993
T	19 w=4.6500	(nil)
Mx 	295.2916
My 	780.6177
Set font 	Gentium Plus;10;400;;normal;;;LTR
T	20 w=4.6924	(1)
End page
Finish
