Set paper size 	419.5275636	595.275597
Begin page
Mx 	177.5243
My 	43.9388
Set font 	Libertinus Math;10;400;Regular;normal;;;LTR
T	830 w=4.9700	(nil)
Mx 	182.4943
Mx 	3.6700
T	4133 a=4.9700	(nil)
Draw line	188.2143	41.0138	4.8900	0.6500
Mx 	188.2143
My 	36.7438
T	3411 w=4.8900	(nil)
Mx 	188.3343
My 	50.9388
T	19 w=4.6500	(nil)
Mx 	193.8543
My 	43.9388
Mx 	3.6700
T	4141 a=4.9700	(nil)
Mx 	201.0466
T	12 w=6.4800	(nil)
Mx 	209.7488
T	9 w=3.5600	(nil)
Mx 	213.3088
T	2768 w=5.4100	(nil)
Mx 	220.9410
T	12 w=6.4800	(nil)
Mx 	229.6432
T	18 w=4.6500	(nil)
Mx 	234.2932
T	10 w=3.5600	(nil)
Mx 	237.8532
My 	38.9388
Set font 	Libertinus Math;8;400;Regular;normal;+ssty=1;;LTR
T	19 w=3.7200	(nil)
Mx 	177.5243
My 	84.2978
Set font 	Libertinus Math;10;400;Regular;normal;;;LTR
T	830 w=4.9700	(nil)
Mx 	182.4943
Mx 	3.6700
T	4133 a=4.9700	(nil)
Draw line	188.2143	81.3728	4.8900	0.6500
Mx 	188.2143
My 	77.1028
T	3411 w=4.8900	(nil)
Mx 	188.3343
My 	91.2978
T	19 w=4.6500	(nil)
Mx 	193.8543
My 	84.2978
Mx 	3.6700
T	4141 a=4.9700	(nil)
Mx 	201.0466
T	12 w=6.4800	(nil)
Mx 	209.7488
T	9 w=3.5600	(nil)
Mx 	213.3088
T	2768 w=5.4100	(nil)
Mx 	220.9410
T	12 w=6.4800	(nil)
Mx 	229.6432
T	18 w=4.6500	(nil)
Mx 	234.2932
T	10 w=3.5600	(nil)
Mx 	237.8532
My 	79.2978
Set font 	Libertinus Math;8;400;Regular;normal;+ssty=1;;LTR
T	19 w=3.7200	(nil)
Mx 	177.7838
My 	124.6569
Set font 	Libertinus Math;10;400;Regular;normal;;;LTR
Mx 	0.5000
T	4275 a=2.1000	(nil)
Draw line	180.6338	121.7319	4.8900	0.6500
Mx 	180.6338
My 	117.4619
T	3411 w=4.8900	(nil)
Mx 	180.7538
My 	131.6569
T	19 w=4.6500	(nil)
Mx 	186.2738
My 	124.6569
Mx 	0.5000
T	4275 a=2.1000	(nil)
Mx 	198.3738
Mx 	0.5000
T	4275 a=2.1000	(nil)
Draw line	201.2238	121.7319	4.8900	0.6500
Mx 	201.2238
My 	117.4619
T	3411 w=4.8900	(nil)
Mx 	201.3438
My 	131.6569
T	19 w=4.6500	(nil)
Draw line	217.6138	121.7319	4.8900	0.6500
Mx 	217.6138
My 	117.4619
T	3411 w=4.8900	(nil)
Mx 	217.7338
My 	131.6569
T	19 w=4.6500	(nil)
Mx 	223.2538
My 	124.6569
Mx 	0.5000
T	4275 a=2.1000	(nil)
Draw line	236.1038	121.7319	4.8900	0.6500
Mx 	236.1038
My 	117.4619
T	3411 w=4.8900	(nil)
Mx 	236.2238
My 	131.6569
T	19 w=4.6500	(nil)
Mx 	180.5788
My 	165.0160
Mx 	3.8900
T	4327 a=4.8000	(nil)
Draw line	186.1288	162.0910	4.8900	0.6500
Mx 	186.1288
My 	157.8210
T	3411 w=4.8900	(nil)
Mx 	186.2488
My 	172.0160
T	19 w=4.6500	(nil)
Mx 	191.7688
My 	165.0160
Mx 	3.8900
T	4335 a=4.8000	(nil)
Mx 	206.5688
Mx 	3.8900
T	4327 a=4.8000	(nil)
Draw line	212.1188	162.0910	4.8900	0.6500
Mx 	212.1188
My 	157.8210
T	3411 w=4.8900	(nil)
Mx 	212.2388
My 	172.0160
T	19 w=4.6500	(nil)
Draw line	228.5088	162.0910	4.8900	0.6500
Mx 	228.5088
My 	157.8210
T	3411 w=4.8900	(nil)
Mx 	228.6288
My 	172.0160
T	19 w=4.6500	(nil)
Mx 	234.1488
My 	165.0160
Mx 	3.8900
T	4335 a=4.8000	(nil)
Mx 	177.3288
My 	205.3750
Mx 	2.8500
T	4124 a=3.8900	(nil)
Draw line	181.9688	202.4500	4.8900	0.6500
Mx 	181.9688
My 	198.1800
T	3411 w=4.8900	(nil)
Mx 	182.0888
My 	212.3750
T	19 w=4.6500	(nil)
Mx 	187.6088
My 	205.3750
Mx 	2.8400
T	4117 a=3.8900	(nil)
Mx 	201.4988
Mx 	2.4700
T	4157 a=4.1600	(nil)
Draw line	206.4088	202.4500	4.8900	0.6500
Mx 	206.4088
My 	198.1800
T	3411 w=4.8900	(nil)
Mx 	206.5288
My 	212.3750
T	19 w=4.6500	(nil)
Mx 	212.0488
My 	205.3750
Mx 	2.4700
T	4149 a=4.1600	(nil)
Mx 	226.2088
Mx 	3.8900
T	4335 a=4.8000	(nil)
Draw line	231.7588	202.4500	4.8900	0.6500
Mx 	231.7588
My 	198.1800
T	3411 w=4.8900	(nil)
Mx 	231.8788
My 	212.3750
T	19 w=4.6500	(nil)
Mx 	237.3988
My 	205.3750
Mx 	3.8900
T	4327 a=4.8000	(nil)
End page
Finish
